n	n:500	L50	min	N75	N50	N25	E-size	max	sum	name
2	2	1	23435	23435	39390	39390	33438	39390	62825	scaffolds_4.fa.k40.w100.z1000.ntLink.scaffolds.fa
