n	n:500	L50	min	N75	N50	N25	E-size	max	sum	name
1	1	1	89811	89811	89811	89811	89811	89811	89811	scaffolds_2.fa.k32.w100.z1000.ntLink.scaffolds.fa
