183836+	189459-	n=15, gap_estimates=[72, 24, 77, -28, 100, -93, 110, 45, 94, 118, -7, 113, 158, -57, 36], anchor=11
182169+	189459-	n=6, gap_estimates=[13946, 13674, 13881, 13794, 13629, 13915], anchor=5
189459+	190964+	n=1, gap_estimates=[32409], anchor=1
182169+	183836+	n=24, gap_estimates=[476, 443, 422, 445, 377, 449, 393, 456, 340, 429, 454, 378, 437, 456, 462, 468, 464, 452, 410, 452, 419, 452, 452, 446], anchor=21
183836-	190964+	n=2, gap_estimates=[18939, 18923], anchor=2
182169-	190964+	n=14, gap_estimates=[1317, 1349, 1277, 1350, 1294, 1109, 1336, 954, 1371, 1178, 1264, 1304, 1343, 1346], anchor=12
