188266+	189231-	n=13, gap_estimates=[4350, 4623, 4553, 4757, 4641, 4586, 4630, 4589, 4376, 4691, 4700, 4660, 4638], anchor=10
