scaf1+	scaf2+	n=34, gap_estimates=[-68, -76, -80, -74, -131, -52, -93, -75, -82, -135, -78, -67, -78, -77, -56, -205, -96, -112, -78, -90, -76, -76, -91, -93, -77, -115, -111, -67, -91, -126, 39, -79, -71, -71], anchor=27
scaf3-	scaf4+	n=43, gap_estimates=[-56, -132, -49, -102, -98, 46, -83, -60, -73, -81, -102, -59, -51, -61, -56, -50, -72, -89, -122, -60, -67, -63, -55, -57, -96, -153, -60, -69, -57, -81, -68, -85, -78, -181, -80, -68, -86, -164, -80, -61, -53, -55, -64], anchor=38
