188266+	189231-	n=14, gap_estimates=[4357, 4624, 4509, 4541, 4749, 4615, 4522, 4611, 4577, 4440, 4684, 4710, 4682, 4615], anchor=12
188266+	189231+	n=1, gap_estimates=[-603], anchor=1
183836+	189459-	n=17, gap_estimates=[131, 99, 25, 139, 99, 75, 132, 86, 109, 68, 126, 105, 146, 103, -473, 97, 132], anchor=16
182169+	189459-	n=9, gap_estimates=[13956, 13760, 14016, 13859, 13964, 13784, 13674, 13930, 13910], anchor=8
189459+	190964+	n=1, gap_estimates=[32420], anchor=1
182169+	183836+	n=27, gap_estimates=[461, 426, 460, 421, 452, 435, 434, 450, 428, 456, 343, 437, 453, 433, 455, 448, 454, 460, 431, 454, 457, 456, 415, 461, 457, 455, 438], anchor=27
183836-	190964+	n=2, gap_estimates=[18925, 18923], anchor=2
182169-	190964+	n=18, gap_estimates=[1347, 1292, 1346, 1298, 1320, 1286, 1070, 1347, 1297, 1274, 1331, 1362, 1311, 1262, 1305, 1335, 1340, 1285], anchor=16
